0 -0.0647037 54.1029 0.645859 -1
1 4.25456 48.2454 1.73376 0
2 5.94451 27.2658 -0.00329461 1
3 6.53921 4.91011 -2.80206 2
4 6.92602 1.60616 3.9981 3
5 7.05269 1.22379 8.01817 4
6 -4.21792 48.1487 1.7819 0
7 -5.92012 27.1679 0.0305211 6
8 -6.51005 5.11079 -2.74784 7
9 -6.62108 1.54936 4.62972 8
10 -6.52163 1.21776 8.4044 9
11 -0.0122859 58.909 1.42917 0
12 0.0427623 63.752 0.651613 11
13 0.0127981 69.4967 -1.77058 12
14 -0.116863 75.2396 -2.28177 13
15 0.0231743 81.999 -0.945728 14
16 0.119585 88.159 -1.13777 15
17 8.01731 72.7757 -2.5863 13
18 17.8704 63.0702 -2.16006 17
19 24.5275 57.0734 0.317146 18
20 28.3882 51.7342 2.14942 19
21 29.8799 51.0104 2.21697 20
22 31.0257 50.9245 2.28014 21
23 29.8388 51.5684 3.86963 20
24 -7.793 72.832 -2.69392 13
25 -18.1743 62.7841 -2.09713 24
26 -24.4945 57.042 0.154362 25
27 -28.25 51.5268 3.05698 26
28 -29.368 51.3604 3.06559 27
29 -30.2993 51.2608 2.96171 28
30 -29.7315 51.5793 4.55242 27
